// Jest Snapshot v1, https://goo.gl/fbAQLP

exports[`<TodoCards /> renders without crashing given props 1`] = `
<Fragment>
  <styled.div>
    <styled.form>
      <select
        onChange={[Function]}
        value="All"
      >
        <option
          value="All"
        >
          All
        </option>
        <option
          value="false"
        >
          Pending
        </option>
        <option
          value="true"
        >
          Done
        </option>
      </select>
    </styled.form>
  </styled.div>
  <styled.div />
</Fragment>
`;
